177.71.128.20 - - [10/Jul/2018:22:21:28 +0200] "GET /least-visited HTTP/1.1" 200 3574 "-" "ua"
177.71.128.21 - - [10/Jul/2018:22:21:28 +0200] "GET /most-visited HTTP/1.1" 200 3574 "-" "ua"
168.41.191.40 - - [09/Jul/2018:10:11:30 +0200] "GET /second-most-visited HTTP/1.1" 200 3574 "-" "ua"
168.41.191.9 - admin [11/Jul/2018:17:41:30 +0200] "GET /most-visited HTTP/1.1" 404 3574 "-" "ua"
177.71.128.21 - - [10/Jul/2018:22:22:08 +0200] "GET /most-visited HTTP/1.1" 200 3574 "-" "ua"
168.41.191.9 - admin [09/Jul/2018:23:00:42 +0200] "GET /most-visited HTTP/1.1" 200 3574 "-" "ua" junk extra
168.41.191.9 - admin [09/Jul/2018:22:56:45 +0200] "GET /second-most-visited HTTP/1.1" 200 3574 "-" "ua" 456 789
168.41.191.9 - admin [09/Jul/2018:22:56:45 +0200] "GET /second-most-visited HTTP/1.1" 200 3574 "-" "ua" 456 789
